Archive member included to satisfy reference by file (symbol)

E:/ST/STM32CubeIDE_1.15.1/STM32CubeIDE/plugins/com.st.stm32cube.ide.mcu.externaltools.gnu-tools-for-stm32.12.3.rel1.win32_1.0.200.202406191623/tools/bin/../lib/gcc/arm-none-eabi/12.3.1/../../../../arm-none-eabi/lib/thumb/v7-m/nofp\libc_nano.a(libc_a-exit.o)
                              E:/ST/STM32CubeIDE_1.15.1/STM32CubeIDE/plugins/com.st.stm32cube.ide.mcu.externaltools.gnu-tools-for-stm32.12.3.rel1.win32_1.0.200.202406191623/tools/bin/../lib/gcc/arm-none-eabi/12.3.1/../../../../arm-none-eabi/lib/thumb/v7-m/nofp/crt0.o (exit)
E:/ST/STM32CubeIDE_1.15.1/STM32CubeIDE/plugins/com.st.stm32cube.ide.mcu.externaltools.gnu-tools-for-stm32.12.3.rel1.win32_1.0.200.202406191623/tools/bin/../lib/gcc/arm-none-eabi/12.3.1/../../../../arm-none-eabi/lib/thumb/v7-m/nofp\libc_nano.a(libc_a-findfp.o)
                              E:/ST/STM32CubeIDE_1.15.1/STM32CubeIDE/plugins/com.st.stm32cube.ide.mcu.externaltools.gnu-tools-for-stm32.12.3.rel1.win32_1.0.200.202406191623/tools/bin/../lib/gcc/arm-none-eabi/12.3.1/../../../../arm-none-eabi/lib/thumb/v7-m/nofp\libc_nano.a(libc_a-exit.o) (__stdio_exit_handler)
E:/ST/STM32CubeIDE_1.15.1/STM32CubeIDE/plugins/com.st.stm32cube.ide.mcu.externaltools.gnu-tools-for-stm32.12.3.rel1.win32_1.0.200.202406191623/tools/bin/../lib/gcc/arm-none-eabi/12.3.1/../../../../arm-none-eabi/lib/thumb/v7-m/nofp\libc_nano.a(libc_a-fwalk.o)
                              E:/ST/STM32CubeIDE_1.15.1/STM32CubeIDE/plugins/com.st.stm32cube.ide.mcu.externaltools.gnu-tools-for-stm32.12.3.rel1.win32_1.0.200.202406191623/tools/bin/../lib/gcc/arm-none-eabi/12.3.1/../../../../arm-none-eabi/lib/thumb/v7-m/nofp\libc_nano.a(libc_a-findfp.o) (_fwalk_sglue)
E:/ST/STM32CubeIDE_1.15.1/STM32CubeIDE/plugins/com.st.stm32cube.ide.mcu.externaltools.gnu-tools-for-stm32.12.3.rel1.win32_1.0.200.202406191623/tools/bin/../lib/gcc/arm-none-eabi/12.3.1/../../../../arm-none-eabi/lib/thumb/v7-m/nofp\libc_nano.a(libc_a-stdio.o)
                              E:/ST/STM32CubeIDE_1.15.1/STM32CubeIDE/plugins/com.st.stm32cube.ide.mcu.externaltools.gnu-tools-for-stm32.12.3.rel1.win32_1.0.200.202406191623/tools/bin/../lib/gcc/arm-none-eabi/12.3.1/../../../../arm-none-eabi/lib/thumb/v7-m/nofp\libc_nano.a(libc_a-findfp.o) (__sread)
E:/ST/STM32CubeIDE_1.15.1/STM32CubeIDE/plugins/com.st.stm32cube.ide.mcu.externaltools.gnu-tools-for-stm32.12.3.rel1.win32_1.0.200.202406191623/tools/bin/../lib/gcc/arm-none-eabi/12.3.1/../../../../arm-none-eabi/lib/thumb/v7-m/nofp\libc_nano.a(libc_a-memset.o)
                              E:/ST/STM32CubeIDE_1.15.1/STM32CubeIDE/plugins/com.st.stm32cube.ide.mcu.externaltools.gnu-tools-for-stm32.12.3.rel1.win32_1.0.200.202406191623/tools/bin/../lib/gcc/arm-none-eabi/12.3.1/../../../../arm-none-eabi/lib/thumb/v7-m/nofp/crt0.o (memset)
E:/ST/STM32CubeIDE_1.15.1/STM32CubeIDE/plugins/com.st.stm32cube.ide.mcu.externaltools.gnu-tools-for-stm32.12.3.rel1.win32_1.0.200.202406191623/tools/bin/../lib/gcc/arm-none-eabi/12.3.1/../../../../arm-none-eabi/lib/thumb/v7-m/nofp\libc_nano.a(libc_a-closer.o)
                              E:/ST/STM32CubeIDE_1.15.1/STM32CubeIDE/plugins/com.st.stm32cube.ide.mcu.externaltools.gnu-tools-for-stm32.12.3.rel1.win32_1.0.200.202406191623/tools/bin/../lib/gcc/arm-none-eabi/12.3.1/../../../../arm-none-eabi/lib/thumb/v7-m/nofp\libc_nano.a(libc_a-stdio.o) (_close_r)
E:/ST/STM32CubeIDE_1.15.1/STM32CubeIDE/plugins/com.st.stm32cube.ide.mcu.externaltools.gnu-tools-for-stm32.12.3.rel1.win32_1.0.200.202406191623/tools/bin/../lib/gcc/arm-none-eabi/12.3.1/../../../../arm-none-eabi/lib/thumb/v7-m/nofp\libc_nano.a(libc_a-reent.o)
                              E:/ST/STM32CubeIDE_1.15.1/STM32CubeIDE/plugins/com.st.stm32cube.ide.mcu.externaltools.gnu-tools-for-stm32.12.3.rel1.win32_1.0.200.202406191623/tools/bin/../lib/gcc/arm-none-eabi/12.3.1/../../../../arm-none-eabi/lib/thumb/v7-m/nofp\libc_nano.a(libc_a-closer.o) (errno)
E:/ST/STM32CubeIDE_1.15.1/STM32CubeIDE/plugins/com.st.stm32cube.ide.mcu.externaltools.gnu-tools-for-stm32.12.3.rel1.win32_1.0.200.202406191623/tools/bin/../lib/gcc/arm-none-eabi/12.3.1/../../../../arm-none-eabi/lib/thumb/v7-m/nofp\libc_nano.a(libc_a-impure.o)
                              E:/ST/STM32CubeIDE_1.15.1/STM32CubeIDE/plugins/com.st.stm32cube.ide.mcu.externaltools.gnu-tools-for-stm32.12.3.rel1.win32_1.0.200.202406191623/tools/bin/../lib/gcc/arm-none-eabi/12.3.1/../../../../arm-none-eabi/lib/thumb/v7-m/nofp\libc_nano.a(libc_a-reent.o) (_impure_ptr)
E:/ST/STM32CubeIDE_1.15.1/STM32CubeIDE/plugins/com.st.stm32cube.ide.mcu.externaltools.gnu-tools-for-stm32.12.3.rel1.win32_1.0.200.202406191623/tools/bin/../lib/gcc/arm-none-eabi/12.3.1/../../../../arm-none-eabi/lib/thumb/v7-m/nofp\libc_nano.a(libc_a-lseekr.o)
[...]
Memory Configuration

Name             Origin             Length             Attributes
RAM              0x20000000         0x00002800         xrw
FLASH            0x08000000         0x00008000         xr
*default*        0x00000000         0xffffffff

Linker script and memory map

LOAD E:/ST/STM32CubeIDE_1.15.1/STM32CubeIDE/plugins/com.st.stm32cube.ide.mcu.externaltools.gnu-tools-for-stm32.12.3.rel1.win32_1.0.200.202406191623/tools/bin/../lib/gcc/arm-none-eabi/12.3.1/thumb/v7-m/nofp/crti.o
LOAD E:/ST/STM32CubeIDE_1.15.1/STM32CubeIDE/plugins/com.st.stm32cube.ide.mcu.externaltools.gnu-tools-for-stm32.12.3.rel1.win32_1.0.200.202406191623/tools/bin/../lib/gcc/arm-none-eabi/12.3.1/thumb/v7-m/nofp/crtbegin.o
LOAD E:/ST/STM32CubeIDE_1.15.1/STM32CubeIDE/plugins/com.st.stm32cube.ide.mcu.externaltools.gnu-tools-for-stm32.12.3.rel1.win32_1.0.200.202406191623/tools/bin/../lib/gcc/arm-none-eabi/12.3.1/../../../../arm-none-eabi/lib/thumb/v7-m/nofp/crt0.o
LOAD ./Core/Src/fsm_input_processing.o
LOAD ./Core/Src/fsm_traffic_mode.o
LOAD ./Core/Src/global.o
LOAD ./Core/Src/input_reading.o
LOAD ./Core/Src/led_7_segment.o
LOAD ./Core/Src/main.o
LOAD ./Core/Src/sched.o
LOAD ./Core/Src/stm32f1xx_hal_msp.o
LOAD ./Core/Src/stm32f1xx_it.o
LOAD ./Core/Src/syscalls.o
LOAD ./Core/Src/sysmem.o
LOAD ./Core/Src/system_stm32f1xx.o
LOAD ./Core/Src/timer.o
LOAD ./Core/Startup/startup_stm32f103c6ux.o
LOAD ./Drivers/STM32F1xx_HAL_Driver/Src/stm32f1xx_hal.o
LOAD ./Drivers/STM32F1xx_HAL_Driver/Src/stm32f1xx_hal_cortex.o
LOAD ./Drivers/STM32F1xx_HAL_Driver/Src/stm32f1xx_hal_dma.o
LOAD ./Drivers/STM32F1xx_HAL_Driver/Src/stm32f1xx_hal_exti.o
LOAD ./Drivers/STM32F1xx_HAL_Driver/Src/stm32f1xx_hal_flash.o
LOAD ./Drivers/STM32F1xx_HAL_Driver/Src/stm32f1xx_hal_flash_ex.o
LOAD ./Drivers/STM32F1xx_HAL_Driver/Src/stm32f1xx_hal_gpio.o
LOAD ./Drivers/STM32F1xx_HAL_Driver/Src/stm32f1xx_hal_gpio_ex.o
LOAD ./Drivers/STM32F1xx_HAL_Driver/Src/stm32f1xx_hal_pwr.o
LOAD ./Drivers/STM32F1xx_HAL_Driver/Src/stm32f1xx_hal_rcc.o
LOAD ./Drivers/STM32F1xx_HAL_Driver/Src/stm32f1xx_hal_rcc_ex.o
LOAD ./Drivers/STM32F1xx_HAL_Driver/Src/stm32f1xx_hal_tim.o
LOAD ./Drivers/STM32F1xx_HAL_Driver/Src/stm32f1xx_hal_tim_ex.o
START GROUP
LOAD E:/ST/STM32CubeIDE_1.15.1/STM32CubeIDE/plugins/com.st.stm32cube.ide.mcu.externaltools.gnu-tools-for-stm32.12.3.rel1.win32_1.0.200.202406191623/tools/bin/../lib/gcc/arm-none-eabi/12.3.1/../../../../arm-none-eabi/lib/thumb/v7-m/nofp\libc_nano.a
LOAD E:/ST/STM32CubeIDE_1.15.1/STM32CubeIDE/plugins/com.st.stm32cube.ide.mcu.externaltools.gnu-tools-for-stm32.12.3.rel1.win32_1.0.200.202406191623/tools/bin/../lib/gcc/arm-none-eabi/12.3.1/../../../../arm-none-eabi/lib/thumb/v7-m/nofp\libm.a
END GROUP
START GROUP
LOAD E:/ST/STM32CubeIDE_1.15.1/STM32CubeIDE/plugins/com.st.stm32cube.ide.mcu.externaltools.gnu-tools-for-stm32.12.3.rel1.win32_1.0.200.202406191623/tools/bin/../lib/gcc/arm-none-eabi/12.3.1/thumb/v7-m/nofp\libgcc.a
LOAD E:/ST/STM32CubeIDE_1.15.1/STM32CubeIDE/plugins/com.st.stm32cube.ide.mcu.externaltools.gnu-tools-for-stm32.12.3.rel1.win32_1.0.200.202406191623/tools/bin/../lib/gcc/arm-none-eabi/12.3.1/../../../../arm-none-eabi/lib/thumb/v7-m/nofp\libc_nano.a
END GROUP
START GROUP
LOAD E:/ST/STM32CubeIDE_1.15.1/STM32CubeIDE/plugins/com.st.stm32cube.ide.mcu.externaltools.gnu-tools-for-stm32.12.3.rel1.win32_1.0.200.202406191623/tools/bin/../lib/gcc/arm-none-eabi/12.3.1/thumb/v7-m/nofp\libgcc.a
LOAD E:/ST/STM32CubeIDE_1.15.1/STM32CubeIDE/plugins/com.st.stm32cube.ide.mcu.externaltools.gnu-tools-for-stm32.12.3.rel1.win32_1.0.200.202406191623/tools/bin/../lib/gcc/arm-none-eabi/12.3.1/../../../../arm-none-eabi/lib/thumb/v7-m/nofp\libc_nano.a
LOAD E:/ST/STM32CubeIDE_1.15.1/STM32CubeIDE/plugins/com.st.stm32cube.ide.mcu.externaltools.gnu-tools-for-stm32.12.3.rel1.win32_1.0.200.202406191623/tools/bin/../lib/gcc/arm-none-eabi/12.3.1/../../../../arm-none-eabi/lib/thumb/v7-m/nofp\libnosys.a
END GROUP
START GROUP
LOAD E:/ST/STM32CubeIDE_1.15.1/STM32CubeIDE/plugins/com.st.stm32cube.ide.mcu.externaltools.gnu-tools-for-stm32.12.3.rel1.win32_1.0.200.202406191623/tools/bin/../lib/gcc/arm-none-eabi/12.3.1/thumb/v7-m/nofp\libgcc.a
LOAD E:/ST/STM32CubeIDE_1.15.1/STM32CubeIDE/plugins/com.st.stm32cube.ide.mcu.externaltools.gnu-tools-for-stm32.12.3.rel1.win32_1.0.200.202406191623/tools/bin/../lib/gcc/arm-none-eabi/12.3.1/../../../../arm-none-eabi/lib/thumb/v7-m/nofp\libc_nano.a
LOAD E:/ST/STM32CubeIDE_1.15.1/STM32CubeIDE/plugins/com.st.stm32cube.ide.mcu.externaltools.gnu-tools-for-stm32.12.3.rel1.win32_1.0.200.202406191623/tools/bin/../lib/gcc/arm-none-eabi/12.3.1/../../../../arm-none-eabi/lib/thumb/v7-m/nofp\libnosys.a
END GROUP
LOAD E:/ST/STM32CubeIDE_1.15.1/STM32CubeIDE/plugins/com.st.stm32cube.ide.mcu.externaltools.gnu-tools-for-stm32.12.3.rel1.win32_1.0.200.202406191623/tools/bin/../lib/gcc/arm-none-eabi/12.3.1/thumb/v7-m/nofp/crtend.o
LOAD E:/ST/STM32CubeIDE_1.15.1/STM32CubeIDE/plugins/com.st.stm32cube.ide.mcu.externaltools.gnu-tools-for-stm32.12.3.rel1.win32_1.0.200.202406191623/tools/bin/../lib/gcc/arm-none-eabi/12.3.1/thumb/v7-m/nofp/crtn.o
                0x20002800                        _estack = (ORIGIN (RAM) + LENGTH (RAM))
                0x00000200                        _Min_Heap_Size = 0x200
                0x00000400                        _Min_Stack_Size = 0x400

.isr_vector     0x08000000      0x10c
                0x08000000                        . = ALIGN (0x4)
 *(.isr_vector)
 .isr_vector    0x08000000      0x10c ./Core/Startup/startup_stm32f103c6ux.o
                0x08000000                g_pfnVectors
                0x0800010c                        . = ALIGN (0x4)

.text           0x0800010c     0x2dac
                0x0800010c                        . = ALIGN (0x4)
 *(.text)
 .text          0x0800010c       0x40 E:/ST/STM32CubeIDE_1.15.1/STM32CubeIDE/plugins/com.st.stm32cube.ide.mcu.externaltools.gnu-tools-for-stm32.12.3.rel1.win32_1.0.200.202406191623/tools/bin/../lib/gcc/arm-none-eabi/12.3.1/thumb/v7-m/nofp/crtbegin.o
 *(.text*)
 .text.init_fsm_input_processing
                0x0800014c       0x34 ./Core/Src/fsm_input_processing.o
                0x0800014c                init_fsm_input_processing
 .text.fsm_input_processing
                0x08000180       0xbc ./Core/Src/fsm_input_processing.o
                0x08000180                fsm_input_processing
 .text.config_leds
                0x0800023c       0x88 ./Core/Src/fsm_traffic_mode.o
                0x0800023c                config_leds
 .text.init_auto_mode
                0x080002c4       0xe4 ./Core/Src/fsm_traffic_mode.o
                0x080002c4                init_auto_mode
 .text.init_red_config_mode
                0x080003a8       0x90 ./Core/Src/fsm_traffic_mode.o
                0x080003a8                init_red_config_mode
 .text.init_amber_config_mode
                0x08000438       0x90 ./Core/Src/fsm_traffic_mode.o
                0x08000438                init_amber_config_mode
 .text.init_green_config_mode
                0x080004c8       0x8c ./Core/Src/fsm_traffic_mode.o
                0x080004c8                init_green_config_mode
 .text.fsm_mode_auto
                0x08000554      0x458 ./Core/Src/fsm_traffic_mode.o
                0x08000554                fsm_mode_auto
 .text.mode_red_config
                0x080009ac       0xc0 ./Core/Src/fsm_traffic_mode.o
                0x080009ac                mode_red_config
 .text.mode_amber_config
                0x08000a6c       0xdc ./Core/Src/fsm_traffic_mode.o
                0x08000a6c                mode_amber_config
 .text.mode_green_config
                0x08000b48       0xd8 ./Core/Src/fsm_traffic_mode.o
                0x08000b48                mode_green_config
 .text.one_sec_count
                0x08000c20       0x18 ./Core/Src/fsm_traffic_mode.o
                0x08000c20                one_sec_count
 .text.blinky_led
                0x08000c38       0x18 ./Core/Src/fsm_traffic_mode.o
                0x08000c38                blinky_led
 .text.blinky_7_seg
                0x08000c50       0x18 ./Core/Src/fsm_traffic_mode.o
                0x08000c50                blinky_7_seg
 .text.init_fsm_traffic_mode
                0x08000c68       0x20 ./Core/Src/fsm_traffic_mode.o
                0x08000c68                init_fsm_traffic_mode
 .text.fsm_traffic_mode
                0x08000c88      0x12c ./Core/Src/fsm_traffic_mode.o
                0x08000c88                fsm_traffic_mode
 .text.init_button_reading
                0x08000db4       0x48 ./Core/Src/input_reading.o
                0x08000db4                init_button_reading
 .text.button_reading
                0x08000dfc       0x8c ./Core/Src/input_reading.o
                0x08000dfc                button_reading
 .text.is_button_pressed
                0x08000e88       0x34 ./Core/Src/input_reading.o
                0x08000e88                is_button_pressed
 .text.display7SEG1
                0x08000ebc       0xc0 ./Core/Src/led_7_segment.o
                0x08000ebc                display7SEG1
 .text.display7SEG2
                0x08000f7c       0xd0 ./Core/Src/led_7_segment.o
                0x08000f7c                display7SEG2
 .text.update7SEG
                0x0800104c       0xa8 ./Core/Src/led_7_segment.o
                0x0800104c                update7SEG
 .text.toggle7SEG
                0x080010f4       0x54 ./Core/Src/led_7_segment.o
                0x080010f4                toggle7SEG
 .text.main     0x08001148       0x60 ./Core/Src/main.o
                0x08001148                main
 .text.SystemClock_Config
                0x080011a8       0x76 ./Core/Src/main.o
                0x080011a8                SystemClock_Config
 *fill*         0x0800121e        0x2 
 .text.MX_TIM2_Init
                0x08001220       0x98 ./Core/Src/main.o
 .text.MX_GPIO_Init
                0x080012b8       0xc4 ./Core/Src/main.o
 .text.HAL_TIM_PeriodElapsedCallback
                0x0800137c       0x1e ./Core/Src/main.o
                0x0800137c                HAL_TIM_PeriodElapsedCallback
 .text.Error_Handler
                0x0800139a        0xc ./Core/Src/main.o
                0x0800139a                Error_Handler
 *fill*         0x080013a6        0x2 
 .text.SCH_Init
                0x080013a8       0x34 ./Core/Src/sched.o
                0x080013a8                SCH_Init
 .text.SCH_Update
                0x080013dc       0xe8 ./Core/Src/sched.o
                0x080013dc                SCH_Update
 .text.SCH_Add_Task
                0x080014c4       0xa4 ./Core/Src/sched.o
                0x080014c4                SCH_Add_Task
 .text.SCH_Delete_Task
                0x08001568       0x90 ./Core/Src/sched.o
                0x08001568                SCH_Delete_Task
 .text.SCH_Dispatch_Tasks
                0x080015f8       0x9c ./Core/Src/sched.o
                0x080015f8                SCH_Dispatch_Tasks
 .text.SCH_Go_To_Sleep
                0x08001694        0xc ./Core/Src/sched.o
                0x08001694                SCH_Go_To_Sleep
 .text.SCH_Report_Status
                0x080016a0        0xc ./Core/Src/sched.o
                0x080016a0                SCH_Report_Status
 .text.HAL_MspInit
                0x080016ac       0x64 ./Core/Src/stm32f1xx_hal_msp.o
                0x080016ac                HAL_MspInit
 .text.HAL_TIM_Base_MspInit
                0x08001710       0x48 ./Core/Src/stm32f1xx_hal_msp.o
                0x08001710                HAL_TIM_Base_MspInit
 .text.NMI_Handler
                0x08001758        0x8 ./Core/Src/stm32f1xx_it.o
                0x08001758                NMI_Handler
 .text.HardFault_Handler
                0x08001760        0x8 ./Core/Src/stm32f1xx_it.o
                0x08001760                HardFault_Handler
 .text.MemManage_Handler
                0x08001768        0x8 ./Core/Src/stm32f1xx_it.o
                0x08001768                MemManage_Handler
 .text.BusFault_Handler
                0x08001770        0x8 ./Core/Src/stm32f1xx_it.o
                0x08001770                BusFault_Handler
 .text.UsageFault_Handler
                0x08001778        0x8 ./Core/Src/stm32f1xx_it.o
                0x08001778                UsageFault_Handler
 .text.SVC_Handler
                0x08001780        0xc ./Core/Src/stm32f1xx_it.o
                0x08001780                SVC_Handler
 .text.DebugMon_Handler
                0x0800178c        0xc ./Core/Src/stm32f1xx_it.o
                0x0800178c                DebugMon_Handler
 .text.PendSV_Handler
                0x08001798        0xc ./Core/Src/stm32f1xx_it.o
                0x08001798                PendSV_Handler
 .text.SysTick_Handler
                0x080017a4        0xc ./Core/Src/stm32f1xx_it.o
                0x080017a4                SysTick_Handler
 .text.TIM2_IRQHandler
                0x080017b0       0x14 ./Core/Src/stm32f1xx_it.o
                0x080017b0                TIM2_IRQHandler
 .text.SystemInit
                0x080017c4        0xc ./Core/Src/system_stm32f1xx.o
                0x080017c4                SystemInit
 .text.timer_init
                0x080017d0       0x3c ./Core/Src/timer.o
                0x080017d0                timer_init
 .text.Reset_Handler
                0x0800180c       0x48 ./Core/Startup/startup_stm32f103c6ux.o
                0x0800180c                Reset_Handler
 .text.Default_Handler
                0x08001854        0x2 ./Core/Startup/startup_stm32f103c6ux.o
                0x08001854                RTC_Alarm_IRQHandler
                0x08001854                EXTI2_IRQHandler
                0x08001854                TIM1_CC_IRQHandler
                0x08001854                PVD_IRQHandler
                0x08001854                EXTI3_IRQHandler
                0x08001854                EXTI0_IRQHandler
                0x08001854                ADC1_2_IRQHandler
                0x08001854                SPI1_IRQHandler
                0x08001854                TAMPER_IRQHandler
                0x08001854                DMA1_Channel4_IRQHandler
                0x08001854                RTC_IRQHandler
                0x08001854                DMA1_Channel7_IRQHandler
                0x08001854                CAN1_RX1_IRQHandler
                0x08001854                I2C1_EV_IRQHandler
                0x08001854                DMA1_Channel6_IRQHandler
                0x08001854                TIM3_IRQHandler
                0x08001854                RCC_IRQHandler
                0x08001854                TIM1_TRG_COM_IRQHandler
                0x08001854                DMA1_Channel1_IRQHandler
                0x08001854                Default_Handler
                0x08001854                EXTI15_10_IRQHandler
                0x08001854                EXTI9_5_IRQHandler
                0x08001854                DMA1_Channel5_IRQHandler
                0x08001854                EXTI4_IRQHandler
                0x08001854                USB_LP_CAN1_RX0_IRQHandler
                0x08001854                USB_HP_CAN1_TX_IRQHandler
                0x08001854                DMA1_Channel3_IRQHandler
                0x08001854                TIM1_UP_IRQHandler
                0x08001854                WWDG_IRQHandler
                0x08001854                TIM1_BRK_IRQHandler
                0x08001854                EXTI1_IRQHandler
                0x08001854                USART2_IRQHandler
                0x08001854                DMA1_Channel2_IRQHandler
                0x08001854                CAN1_SCE_IRQHandler
                0x08001854                FLASH_IRQHandler
                0x08001854                USART1_IRQHandler
                0x08001854                I2C1_ER_IRQHandler
                0x08001854                USBWakeUp_IRQHandler
 *fill*         0x08001856        0x2 
 .text.HAL_Init
                0x08001858       0x2c ./Drivers/STM32F1xx_HAL_Driver/Src/stm32f1xx_hal.o
                0x08001858                HAL_Init
 .text.HAL_InitTick
                0x08001884       0x60 ./Drivers/STM32F1xx_HAL_Driver/Src/stm32f1xx_hal.o
                0x08001884                HAL_InitTick
 .text.HAL_IncTick
                0x080018e4       0x24 ./Drivers/STM32F1xx_HAL_Driver/Src/stm32f1xx_hal.o
                0x080018e4                HAL_IncTick
 .text.HAL_GetTick
                0x08001908       0x14 ./Drivers/STM32F1xx_HAL_Driver/Src/stm32f1xx_hal.o
                0x08001908                HAL_GetTick
 .text.__NVIC_SetPriorityGrouping
                0x0800191c       0x48 ./Drivers/STM32F1xx_HAL_Driver/Src/stm32f1xx_hal_cortex.o
 .text.__NVIC_GetPriorityGrouping
                0x08001964       0x1c ./Drivers/STM32F1xx_HAL_Driver/Src/stm32f1xx_hal_cortex.o
 .text.__NVIC_EnableIRQ
                0x08001980       0x38 ./Drivers/STM32F1xx_HAL_Driver/Src/stm32f1xx_hal_cortex.o
 .text.__NVIC_SetPriority
                0x080019b8       0x54 ./Drivers/STM32F1xx_HAL_Driver/Src/stm32f1xx_hal_cortex.o
 .text.NVIC_EncodePriority
                0x08001a0c       0x64 ./Drivers/STM32F1xx_HAL_Driver/Src/stm32f1xx_hal_cortex.o
 .text.SysTick_Config
                0x08001a70       0x44 ./Drivers/STM32F1xx_HAL_Driver/Src/stm32f1xx_hal_cortex.o
 .text.HAL_NVIC_SetPriorityGrouping
                0x08001ab4       0x16 ./Drivers/STM32F1xx_HAL_Driver/Src/stm32f1xx_hal_cortex.o
                0x08001ab4                HAL_NVIC_SetPriorityGrouping
 .text.HAL_NVIC_SetPriority
                0x08001aca       0x38 ./Drivers/STM32F1xx_HAL_Driver/Src/stm32f1xx_hal_cortex.o
                0x08001aca                HAL_NVIC_SetPriority
 .text.HAL_NVIC_EnableIRQ
                0x08001b02       0x1c ./Drivers/STM32F1xx_HAL_Driver/Src/stm32f1xx_hal_cortex.o
                0x08001b02                HAL_NVIC_EnableIRQ
 .text.HAL_SYSTICK_Config
                0x08001b1e       0x18 ./Drivers/STM32F1xx_HAL_Driver/Src/stm32f1xx_hal_cortex.o
                0x08001b1e                HAL_SYSTICK_Config
 *fill*         0x08001b36        0x2 
 .text.HAL_GPIO_Init
                0x08001b38      0x2f8 ./Drivers/STM32F1xx_HAL_Driver/Src/stm32f1xx_hal_gpio.o
                0x08001b38                HAL_GPIO_Init
 .text.HAL_GPIO_ReadPin
                0x08001e30       0x2e ./Drivers/STM32F1xx_HAL_Driver/Src/stm32f1xx_hal_gpio.o
                0x08001e30                HAL_GPIO_ReadPin
 .text.HAL_GPIO_WritePin
                0x08001e5e       0x30 ./Drivers/STM32F1xx_HAL_Driver/Src/stm32f1xx_hal_gpio.o
                0x08001e5e                HAL_GPIO_WritePin
 .text.HAL_GPIO_TogglePin
                0x08001e8e       0x32 ./Drivers/STM32F1xx_HAL_Driver/Src/stm32f1xx_hal_gpio.o
                0x08001e8e                HAL_GPIO_TogglePin
 .text.HAL_RCC_OscConfig
                0x08001ec0      0x504 ./Drivers/STM32F1xx_HAL_Driver/Src/stm32f1xx_hal_rcc.o
                0x08001ec0                HAL_RCC_OscConfig
 .text.HAL_RCC_ClockConfig
                0x080023c4      0x1d4 ./Drivers/STM32F1xx_HAL_Driver/Src/stm32f1xx_hal_rcc.o
                0x080023c4                HAL_RCC_ClockConfig
 .text.HAL_RCC_GetSysClockFreq
                0x08002598       0xa8 ./Drivers/STM32F1xx_HAL_Driver/Src/stm32f1xx_hal_rcc.o
                0x08002598                HAL_RCC_GetSysClockFreq
 .text.HAL_RCC_GetHCLKFreq
                0x08002640       0x14 ./Drivers/STM32F1xx_HAL_Driver/Src/stm32f1xx_hal_rcc.o
                0x08002640                HAL_RCC_GetHCLKFreq
 .text.RCC_Delay
                0x08002654       0x3c ./Drivers/STM32F1xx_HAL_Driver/Src/stm32f1xx_hal_rcc.o
 .text.HAL_TIM_Base_Init
                0x08002690       0x9e ./Drivers/STM32F1xx_HAL_Driver/Src/stm32f1xx_hal_tim.o
                0x08002690                HAL_TIM_Base_Init
 *fill*         0x0800272e        0x2 
 .text.HAL_TIM_Base_Start_IT
                0x08002730       0x98 ./Drivers/STM32F1xx_HAL_Driver/Src/stm32f1xx_hal_tim.o
                0x08002730                HAL_TIM_Base_Start_IT
 .text.HAL_TIM_IRQHandler
                0x080027c8      0x1e0 ./Drivers/STM32F1xx_HAL_Driver/Src/stm32f1xx_hal_tim.o
                0x080027c8                HAL_TIM_IRQHandler
 .text.HAL_TIM_ConfigClockSource
                0x080029a8      0x18e ./Drivers/STM32F1xx_HAL_Driver/Src/stm32f1xx_hal_tim.o
                0x080029a8                HAL_TIM_ConfigClockSource
 .text.HAL_TIM_OC_DelayElapsedCallback
                0x08002b36       0x12 ./Drivers/STM32F1xx_HAL_Driver/Src/stm32f1xx_hal_tim.o
                0x08002b36                HAL_TIM_OC_DelayElapsedCallback
 .text.HAL_TIM_IC_CaptureCallback
                0x08002b48       0x12 ./Drivers/STM32F1xx_HAL_Driver/Src/stm32f1xx_hal_tim.o
                0x08002b48                HAL_TIM_IC_CaptureCallback
 .text.HAL_TIM_PWM_PulseFinishedCallback
                0x08002b5a       0x12 ./Drivers/STM32F1xx_HAL_Driver/Src/stm32f1xx_hal_tim.o
                0x08002b5a                HAL_TIM_PWM_PulseFinishedCallback
 .text.HAL_TIM_TriggerCallback
                0x08002b6c       0x12 ./Drivers/STM32F1xx_HAL_Driver/Src/stm32f1xx_hal_tim.o
                0x08002b6c                HAL_TIM_TriggerCallback
 *fill*         0x08002b7e        0x2 
 .text.TIM_Base_SetConfig
                0x08002b80       0xc8 ./Drivers/STM32F1xx_HAL_Driver/Src/stm32f1xx_hal_tim.o
                0x08002b80                TIM_Base_SetConfig
 .text.TIM_TI1_ConfigInputStage
                0x08002c48       0x5c ./Drivers/STM32F1xx_HAL_Driver/Src/stm32f1xx_hal_tim.o
 .text.TIM_TI2_ConfigInputStage
                0x08002ca4       0x5e ./Drivers/STM32F1xx_HAL_Driver/Src/stm32f1xx_hal_tim.o
 .text.TIM_ITRx_SetConfig
                0x08002d02       0x34 ./Drivers/STM32F1xx_HAL_Driver/Src/stm32f1xx_hal_tim.o
 .text.TIM_ETR_SetConfig
                0x08002d36       0x3e ./Drivers/STM32F1xx_HAL_Driver/Src/stm32f1xx_hal_tim.o
                0x08002d36                TIM_ETR_SetConfig
 .text.HAL_TIMEx_MasterConfigSynchronization
                0x08002d74       0xb0 ./Drivers/STM32F1xx_HAL_Driver/Src/stm32f1xx_hal_tim_ex.o
                0x08002d74                HAL_TIMEx_MasterConfigSynchronization
 .text.HAL_TIMEx_CommutCallback
                0x08002e24       0x12 ./Drivers/STM32F1xx_HAL_Driver/Src/stm32f1xx_hal_tim_ex.o
                0x08002e24                HAL_TIMEx_CommutCallback
 .text.HAL_TIMEx_BreakCallback
                0x08002e36       0x12 ./Drivers/STM32F1xx_HAL_Driver/Src/stm32f1xx_hal_tim_ex.o
                0x08002e36                HAL_TIMEx_BreakCallback
 .text.memset   0x08002e48       0x10 E:/ST/STM32CubeIDE_1.15.1/STM32CubeIDE/plugins/com.st.stm32cube.ide.mcu.externaltools.gnu-tools-for-stm32.12.3.rel1.win32_1.0.200.202406191623/tools/bin/../lib/gcc/arm-none-eabi/12.3.1/../../../../arm-none-eabi/lib/thumb/v7-m/nofp\libc_nano.a(libc_a-memset.o)
                0x08002e48                memset
 .text.__libc_init_array
                0x08002e58       0x48 E:/ST/STM32CubeIDE_1.15.1/STM32CubeIDE/plugins/com.st.stm32cube.ide.mcu.externaltools.gnu-tools-for-stm32.12.3.rel1.win32_1.0.200.202406191623/tools/bin/../lib/gcc/arm-none-eabi/12.3.1/../../../../arm-none-eabi/lib/thumb/v7-m/nofp\libc_nano.a(libc_a-init.o)
                0x08002e58                __libc_init_array
 *(.glue_7)
 .glue_7        0x08002ea0        0x0 linker stubs
 *(.glue_7t)
 .glue_7t       0x08002ea0        0x0 linker stubs
 *(.eh_frame)
 .eh_frame      0x08002ea0        0x0 E:/ST/STM32CubeIDE_1.15.1/STM32CubeIDE/plugins/com.st.stm32cube.ide.mcu.externaltools.gnu-tools-for-stm32.12.3.rel1.win32_1.0.200.202406191623/tools/bin/../lib/gcc/arm-none-eabi/12.3.1/thumb/v7-m/nofp/crtbegin.o
 *(.init)
 .init          0x08002ea0        0x4 E:/ST/STM32CubeIDE_1.15.1/STM32CubeIDE/plugins/com.st.stm32cube.ide.mcu.externaltools.gnu-tools-for-stm32.12.3.rel1.win32_1.0.200.202406191623/tools/bin/../lib/gcc/arm-none-eabi/12.3.1/thumb/v7-m/nofp/crti.o
                0x08002ea0                _init
 .init          0x08002ea4        0x8 E:/ST/STM32CubeIDE_1.15.1/STM32CubeIDE/plugins/com.st.stm32cube.ide.mcu.externaltools.gnu-tools-for-stm32.12.3.rel1.win32_1.0.200.202406191623/tools/bin/../lib/gcc/arm-none-eabi/12.3.1/thumb/v7-m/nofp/crtn.o
 *(.fini)
 .fini          0x08002eac        0x4 E:/ST/STM32CubeIDE_1.15.1/STM32CubeIDE/plugins/com.st.stm32cube.ide.mcu.externaltools.gnu-tools-for-stm32.12.3.rel1.win32_1.0.200.202406191623/tools/bin/../lib/gcc/arm-none-eabi/12.3.1/thumb/v7-m/nofp/crti.o
                0x08002eac                _fini
 .fini          0x08002eb0        0x8 E:/ST/STM32CubeIDE_1.15.1/STM32CubeIDE/plugins/com.st.stm32cube.ide.mcu.externaltools.gnu-tools-for-stm32.12.3.rel1.win32_1.0.200.202406191623/tools/bin/../lib/gcc/arm-none-eabi/12.3.1/thumb/v7-m/nofp/crtn.o
                0x08002eb8                        . = ALIGN (0x4)
                0x08002eb8                        _etext = .

.vfp11_veneer   0x08002eb8        0x0
 .vfp11_veneer  0x08002eb8        0x0 linker stubs

.v4_bx          0x08002eb8        0x0
 .v4_bx         0x08002eb8        0x0 linker stubs

.iplt           0x08002eb8        0x0
 .iplt          0x08002eb8        0x0 E:/ST/STM32CubeIDE_1.15.1/STM32CubeIDE/plugins/com.st.stm32cube.ide.mcu.externaltools.gnu-tools-for-stm32.12.3.rel1.win32_1.0.200.202406191623/tools/bin/../lib/gcc/arm-none-eabi/12.3.1/thumb/v7-m/nofp/crtbegin.o

.rodata         0x08002eb8       0x24
                0x08002eb8                        . = ALIGN (0x4)
 *(.rodata)
 *(.rodata*)
 .rodata.AHBPrescTable
                0x08002eb8       0x10 ./Core/Src/system_stm32f1xx.o
                0x08002eb8                AHBPrescTable
 .rodata.aPLLMULFactorTable.1
                0x08002ec8       0x10 ./Drivers/STM32F1xx_HAL_Driver/Src/stm32f1xx_hal_rcc.o
 .rodata.aPredivFactorTable.0
                0x08002ed8        0x2 ./Drivers/STM32F1xx_HAL_Driver/Src/stm32f1xx_hal_rcc.o
                0x08002edc                        . = ALIGN (0x4)
 *fill*         0x08002eda        0x2 

.ARM.extab      0x08002edc        0x0
                0x08002edc                        . = ALIGN (0x4)
 *(.ARM.extab* .gnu.linkonce.armextab.*)
                0x08002edc                        . = ALIGN (0x4)

.ARM            0x08002edc        0x0
                0x08002edc                        . = ALIGN (0x4)
                0x08002edc                        __exidx_start = .
 *(.ARM.exidx*)
                0x08002edc                        __exidx_end = .
                0x08002edc                        . = ALIGN (0x4)

.preinit_array  0x08002edc        0x0
                0x08002edc                        . = ALIGN (0x4)
                0x08002edc                        PROVIDE (__preinit_array_start = .)
 *(.preinit_array*)
                0x08002edc                        PROVIDE (__preinit_array_end = .)
                0x08002edc                        . = ALIGN (0x4)

.init_array     0x08002edc        0x4
                0x08002edc                        . = ALIGN (0x4)
                0x08002edc                        PROVIDE (__init_array_start = .)
 *(SORT_BY_NAME(.init_array.*))
 *(.init_array*)
 .init_array    0x08002edc        0x4 E:/ST/STM32CubeIDE_1.15.1/STM32CubeIDE/plugins/com.st.stm32cube.ide.mcu.externaltools.gnu-tools-for-stm32.12.3.rel1.win32_1.0.200.202406191623/tools/bin/../lib/gcc/arm-none-eabi/12.3.1/thumb/v7-m/nofp/crtbegin.o
                0x08002ee0                        PROVIDE (__init_array_end = .)
                0x08002ee0                        . = ALIGN (0x4)

.fini_array     0x08002ee0        0x4
                0x08002ee0                        . = ALIGN (0x4)
                [!provide]                        PROVIDE (__fini_array_start = .)
 *(SORT_BY_NAME(.fini_array.*))
 *(.fini_array*)
 .fini_array    0x08002ee0        0x4 E:/ST/STM32CubeIDE_1.15.1/STM32CubeIDE/plugins/com.st.stm32cube.ide.mcu.externaltools.gnu-tools-for-stm32.12.3.rel1.win32_1.0.200.202406191623/tools/bin/../lib/gcc/arm-none-eabi/12.3.1/thumb/v7-m/nofp/crtbegin.o
                [!provide]                        PROVIDE (__fini_array_end = .)
                0x08002ee4                        . = ALIGN (0x4)
                0x08002ee4                        _sidata = LOADADDR (.data)

.rel.dyn        0x08002ee4        0x0
 .rel.iplt      0x08002ee4        0x0 E:/ST/STM32CubeIDE_1.15.1/STM32CubeIDE/plugins/com.st.stm32cube.ide.mcu.externaltools.gnu-tools-for-stm32.12.3.rel1.win32_1.0.200.202406191623/tools/bin/../lib/gcc/arm-none-eabi/12.3.1/thumb/v7-m/nofp/crtbegin.o

.data           0x20000000       0x20 load address 0x08002ee4
                0x20000000                        . = ALIGN (0x4)
                0x20000000                        _sdata = .
 *(.data)
 *(.data*)
 .data.red      0x20000000        0x1 ./Core/Src/fsm_traffic_mode.o
                0x20000000                red
 .data.amber    0x20000001        0x1 ./Core/Src/fsm_traffic_mode.o
                0x20000001                amber
 .data.green    0x20000002        0x1 ./Core/Src/fsm_traffic_mode.o
                0x20000002                green
 .data.red_counter
                0x20000003        0x1 ./Core/Src/fsm_traffic_mode.o
                0x20000003                red_counter
 .data.amber_counter
                0x20000004        0x1 ./Core/Src/fsm_traffic_mode.o
                0x20000004                amber_counter
 .data.green_counter
                0x20000005        0x1 ./Core/Src/fsm_traffic_mode.o
                0x20000005                green_counter
 *fill*         0x20000006        0x2 
 .data.number_Code
                0x20000008        0xa ./Core/Src/led_7_segment.o
                0x20000008                number_Code
 *fill*         0x20000012        0x2 
 .data.SystemCoreClock
                0x20000014        0x4 ./Core/Src/system_stm32f1xx.o
                0x20000014                SystemCoreClock
 .data.uwTickPrio
                0x20000018        0x4 ./Drivers/STM32F1xx_HAL_Driver/Src/stm32f1xx_hal.o
                0x20000018                uwTickPrio
 .data.uwTickFreq
                0x2000001c        0x1 ./Drivers/STM32F1xx_HAL_Driver/Src/stm32f1xx_hal.o
                0x2000001c                uwTickFreq
 *(.RamFunc)
 *(.RamFunc*)
                0x20000020                        . = ALIGN (0x4)
 *fill*         0x2000001d        0x3 
                0x20000020                        _edata = .

.igot.plt       0x20000020        0x0 load address 0x08002f04
 .igot.plt      0x20000020        0x0 E:/ST/STM32CubeIDE_1.15.1/STM32CubeIDE/plugins/com.st.stm32cube.ide.mcu.externaltools.gnu-tools-for-stm32.12.3.rel1.win32_1.0.200.202406191623/tools/bin/../lib/gcc/arm-none-eabi/12.3.1/thumb/v7-m/nofp/crtbegin.o
                0x20000020                        . = ALIGN (0x4)

.bss            0x20000020      0x3bc load address 0x08002f04
                0x20000020                        _sbss = .
                0x20000020                        __bss_start__ = _sbss
 *(.bss)
 .bss           0x20000020       0x1c E:/ST/STM32CubeIDE_1.15.1/STM32CubeIDE/plugins/com.st.stm32cube.ide.mcu.externaltools.gnu-tools-for-stm32.12.3.rel1.win32_1.0.200.202406191623/tools/bin/../lib/gcc/arm-none-eabi/12.3.1/thumb/v7-m/nofp/crtbegin.o
 *(.bss*)
 .bss.buttonState
                0x2000003c        0x3 ./Core/Src/fsm_input_processing.o
                0x2000003c                buttonState
 .bss.traffic_mode
                0x2000003f        0x1 ./Core/Src/fsm_traffic_mode.o
                0x2000003f                traffic_mode
 .bss.light_mode
                0x20000040        0x1 ./Core/Src/fsm_traffic_mode.o
                0x20000040                light_mode
 .bss.flag_l    0x20000041        0x1 ./Core/Src/global.o
                0x20000041                flag_l
 .bss.flag_m    0x20000042        0x1 ./Core/Src/global.o
                0x20000042                flag_m
 .bss.flag_i    0x20000043        0x1 ./Core/Src/global.o
                0x20000043                flag_i
 .bss.flag_s    0x20000044        0x1 ./Core/Src/global.o
                0x20000044                flag_s
 .bss.one_sec_flag
                0x20000045        0x1 ./Core/Src/global.o
                0x20000045                one_sec_flag
 .bss.seg_flag  0x20000046        0x1 ./Core/Src/global.o
                0x20000046                seg_flag
 .bss.blinky_led_flag
                0x20000047        0x1 ./Core/Src/global.o
                0x20000047                blinky_led_flag
 .bss.debounceButtonBuffer1
                0x20000048        0x3 ./Core/Src/input_reading.o
 *fill*         0x2000004b        0x1 
 .bss.debounceButtonBuffer2
                0x2000004c        0x3 ./Core/Src/input_reading.o
 *fill*         0x2000004f        0x1 
 .bss.flagForButtonPress
                0x20000050        0x3 ./Core/Src/input_reading.o
 *fill*         0x20000053        0x1 
 .bss.led_buffer
                0x20000054       0x10 ./Core/Src/led_7_segment.o
                0x20000054                led_buffer
 .bss.index_led
                0x20000064        0x1 ./Core/Src/led_7_segment.o
                0x20000064                index_led
 *fill*         0x20000065        0x3 
 .bss.htim2     0x20000068       0x48 ./Core/Src/main.o
                0x20000068                htim2
 .bss.SCH_tasks_G
                0x200000b0      0x320 ./Core/Src/sched.o
                0x200000b0                SCH_tasks_G
 .bss.Error_code_G
                0x200003d0        0x4 ./Core/Src/sched.o
 .bss.TIMECYCLE
                0x200003d4        0x4 ./Core/Src/timer.o
                0x200003d4                TIMECYCLE
 .bss.uwTick    0x200003d8        0x4 ./Drivers/STM32F1xx_HAL_Driver/Src/stm32f1xx_hal.o
                0x200003d8                uwTick
 *(COMMON)
                0x200003dc                        . = ALIGN (0x4)
                0x200003dc                        _ebss = .
                0x200003dc                        __bss_end__ = _ebss

._user_heap_stack
                0x200003dc      0x604 load address 0x08002f04
                0x200003e0                        . = ALIGN (0x8)
 *fill*         0x200003dc        0x4 
                [!provide]                        PROVIDE (end = .)
                0x200003e0                        PROVIDE (_end = .)
                0x200005e0                        . = (. + _Min_Heap_Size)
 *fill*         0x200003e0      0x200 
                0x200009e0                        . = (. + _Min_Stack_Size)
 *fill*         0x200005e0      0x400 
                0x200009e0                        . = ALIGN (0x8)

/DISCARD/
 libc.a(*)
 libm.a(*)
 libgcc.a(*)

.ARM.attributes
                0x00000000       0x29
 *(.ARM.attributes)
 .ARM.attributes
                0x00000000       0x1d E:/ST/STM32CubeIDE_1.15.1/STM32CubeIDE/plugins/com.st.stm32cube.ide.mcu.externaltools.gnu-tools-for-stm32.12.3.rel1.win32_1.0.200.202406191623/tools/bin/../lib/gcc/arm-none-eabi/12.3.1/thumb/v7-m/nofp/crti.o
 .ARM.attributes
                0x0000001d       0x2d E:/ST/STM32CubeIDE_1.15.1/STM32CubeIDE/plugins/com.st.stm32cube.ide.mcu.externaltools.gnu-tools-for-stm32.12.3.rel1.win32_1.0.200.202406191623/tools/bin/../lib/gcc/arm-none-eabi/12.3.1/thumb/v7-m/nofp/crtbegin.o
 .ARM.attributes
                0x0000004a       0x2d ./Core/Src/fsm_input_processing.o
 .ARM.attributes
                0x00000077       0x2d ./Core/Src/fsm_traffic_mode.o
 .ARM.attributes
                0x000000a4       0x2d ./Core/Src/global.o
 .ARM.attributes
                0x000000d1       0x2d ./Core/Src/input_reading.o
 .ARM.attributes
                0x000000fe       0x2d ./Core/Src/led_7_segment.o
 .ARM.attributes
                0x0000012b       0x2d ./Core/Src/main.o
 .ARM.attributes
                0x00000158       0x2d ./Core/Src/sched.o
 .ARM.attributes
                0x00000185       0x2d ./Core/Src/stm32f1xx_hal_msp.o
 .ARM.attributes
                0x000001b2       0x2d ./Core/Src/stm32f1xx_it.o
 .ARM.attributes
                0x000001df       0x2d ./Core/Src/system_stm32f1xx.o
 .ARM.attributes
                0x0000020c       0x2d ./Core/Src/timer.o
 .ARM.attributes
                0x00000239       0x21 ./Core/Startup/startup_stm32f103c6ux.o
 .ARM.attributes
                0x0000025a       0x2d ./Drivers/STM32F1xx_HAL_Driver/Src/stm32f1xx_hal.o
 .ARM.attributes
                0x00000287       0x2d ./Drivers/STM32F1xx_HAL_Driver/Src/stm32f1xx_hal_cortex.o
 .ARM.attributes
                0x000002b4       0x2d ./Drivers/STM32F1xx_HAL_Driver/Src/stm32f1xx_hal_gpio.o
 .ARM.attributes
                0x000002e1       0x2d ./Drivers/STM32F1xx_HAL_Driver/Src/stm32f1xx_hal_rcc.o
 .ARM.attributes
                0x0000030e       0x2d ./Drivers/STM32F1xx_HAL_Driver/Src/stm32f1xx_hal_tim.o
 .ARM.attributes
                0x0000033b       0x2d ./Drivers/STM32F1xx_HAL_Driver/Src/stm32f1xx_hal_tim_ex.o
 .ARM.attributes
                0x00000368       0x2d E:/ST/STM32CubeIDE_1.15.1/STM32CubeIDE/plugins/com.st.stm32cube.ide.mcu.externaltools.gnu-tools-for-stm32.12.3.rel1.win32_1.0.200.202406191623/tools/bin/../lib/gcc/arm-none-eabi/12.3.1/../../../../arm-none-eabi/lib/thumb/v7-m/nofp\libc_nano.a(libc_a-memset.o)
 .ARM.attributes
                0x00000395       0x2d E:/ST/STM32CubeIDE_1.15.1/STM32CubeIDE/plugins/com.st.stm32cube.ide.mcu.externaltools.gnu-tools-for-stm32.12.3.rel1.win32_1.0.200.202406191623/tools/bin/../lib/gcc/arm-none-eabi/12.3.1/../../../../arm-none-eabi/lib/thumb/v7-m/nofp\libc_nano.a(libc_a-init.o)
 .ARM.attributes
                0x000003c2       0x1d E:/ST/STM32CubeIDE_1.15.1/STM32CubeIDE/plugins/com.st.stm32cube.ide.mcu.externaltools.gnu-tools-for-stm32.12.3.rel1.win32_1.0.200.202406191623/tools/bin/../lib/gcc/arm-none-eabi/12.3.1/thumb/v7-m/nofp/crtn.o
OUTPUT(MCU-LAB4.elf elf32-littlearm)
LOAD linker stubs
LOAD E:/ST/STM32CubeIDE_1.15.1/STM32CubeIDE/plugins/com.st.stm32cube.ide.mcu.externaltools.gnu-tools-for-stm32.12.3.rel1.win32_1.0.200.202406191623/tools/bin/../lib/gcc/arm-none-eabi/12.3.1/../../../../arm-none-eabi/lib/thumb/v7-m/nofp\libc.a
LOAD E:/ST/STM32CubeIDE_1.15.1/STM32CubeIDE/plugins/com.st.stm32cube.ide.mcu.externaltools.gnu-tools-for-stm32.12.3.rel1.win32_1.0.200.202406191623/tools/bin/../lib/gcc/arm-none-eabi/12.3.1/../../../../arm-none-eabi/lib/thumb/v7-m/nofp\libm.a
LOAD E:/ST/STM32CubeIDE_1.15.1/STM32CubeIDE/plugins/com.st.stm32cube.ide.mcu.externaltools.gnu-tools-for-stm32.12.3.rel1.win32_1.0.200.202406191623/tools/bin/../lib/gcc/arm-none-eabi/12.3.1/thumb/v7-m/nofp\libgcc.a

.debug_info     0x00000000     0x89ad
 .debug_info    0x00000000      0x1fa ./Core/Src/fsm_input_processing.o
 .debug_info    0x000001fa      0x3d4 ./Core/Src/fsm_traffic_mode.o
 .debug_info    0x000005ce      0x122 ./Core/Src/global.o
 .debug_info    0x000006f0      0x239 ./Core/Src/input_reading.o
 .debug_info    0x00000929      0x284 ./Core/Src/led_7_segment.o
 .debug_info    0x00000bad      0xbec ./Core/Src/main.o
 .debug_info    0x00001799      0x260 ./Core/Src/sched.o
 .debug_info    0x000019f9      0x91a ./Core/Src/stm32f1xx_hal_msp.o
 .debug_info    0x00002313      0x6a1 ./Core/Src/stm32f1xx_it.o
 .debug_info    0x000029b4      0x222 ./Core/Src/system_stm32f1xx.o
 .debug_info    0x00002bd6       0xe4 ./Core/Src/timer.o
 .debug_info    0x00002cba       0x30 ./Core/Startup/startup_stm32f103c6ux.o
 .debug_info    0x00002cea      0x6e6 ./Drivers/STM32F1xx_HAL_Driver/Src/stm32f1xx_hal.o
 .debug_info    0x000033d0      0xa69 ./Drivers/STM32F1xx_HAL_Driver/Src/stm32f1xx_hal_cortex.o
 .debug_info    0x00003e39      0x5ab ./Drivers/STM32F1xx_HAL_Driver/Src/stm32f1xx_hal_gpio.o
 .debug_info    0x000043e4      0x7d5 ./Drivers/STM32F1xx_HAL_Driver/Src/stm32f1xx_hal_rcc.o
 .debug_info    0x00004bb9     0x2959 ./Drivers/STM32F1xx_HAL_Driver/Src/stm32f1xx_hal_tim.o
 .debug_info    0x00007512     0x149b ./Drivers/STM32F1xx_HAL_Driver/Src/stm32f1xx_hal_tim_ex.o

.debug_abbrev   0x00000000     0x1dfc
 .debug_abbrev  0x00000000      0x14b ./Core/Src/fsm_input_processing.o
 .debug_abbrev  0x0000014b      0x1c5 ./Core/Src/fsm_traffic_mode.o
 .debug_abbrev  0x00000310       0x5d ./Core/Src/global.o
 .debug_abbrev  0x0000036d      0x16b ./Core/Src/input_reading.o
 .debug_abbrev  0x000004d8      0x170 ./Core/Src/led_7_segment.o
 .debug_abbrev  0x00000648      0x2a5 ./Core/Src/main.o
 .debug_abbrev  0x000008ed      0x176 ./Core/Src/sched.o
 .debug_abbrev  0x00000a63      0x1ad ./Core/Src/stm32f1xx_hal_msp.o
 .debug_abbrev  0x00000c10      0x191 ./Core/Src/stm32f1xx_it.o
 .debug_abbrev  0x00000da1      0x13f ./Core/Src/system_stm32f1xx.o
 .debug_abbrev  0x00000ee0       0x89 ./Core/Src/timer.o
 .debug_abbrev  0x00000f69       0x24 ./Core/Startup/startup_stm32f103c6ux.o
 .debug_abbrev  0x00000f8d      0x201 ./Drivers/STM32F1xx_HAL_Driver/Src/stm32f1xx_hal.o
 .debug_abbrev  0x0000118e      0x2f8 ./Drivers/STM32F1xx_HAL_Driver/Src/stm32f1xx_hal_cortex.o
 .debug_abbrev  0x00001486      0x1ca ./Drivers/STM32F1xx_HAL_Driver/Src/stm32f1xx_hal_gpio.o
 .debug_abbrev  0x00001650      0x2b3 ./Drivers/STM32F1xx_HAL_Driver/Src/stm32f1xx_hal_rcc.o
 .debug_abbrev  0x00001903      0x277 ./Drivers/STM32F1xx_HAL_Driver/Src/stm32f1xx_hal_tim.o
 .debug_abbrev  0x00001b7a      0x282 ./Drivers/STM32F1xx_HAL_Driver/Src/stm32f1xx_hal_tim_ex.o

.debug_aranges  0x00000000      0xad0
 .debug_aranges
                0x00000000       0x28 ./Core/Src/fsm_input_processing.o
 .debug_aranges
                0x00000028       0x88 ./Core/Src/fsm_traffic_mode.o
 .debug_aranges
                0x000000b0       0x18 ./Core/Src/global.o
 .debug_aranges
                0x000000c8       0x30 ./Core/Src/input_reading.o
 .debug_aranges
                0x000000f8       0x38 ./Core/Src/led_7_segment.o
 .debug_aranges
                0x00000130       0x48 ./Core/Src/main.o
 .debug_aranges
                0x00000178       0x50 ./Core/Src/sched.o
 .debug_aranges
                0x000001c8       0x30 ./Core/Src/stm32f1xx_hal_msp.o
 .debug_aranges
                0x000001f8       0x68 ./Core/Src/stm32f1xx_it.o
 .debug_aranges
                0x00000260       0x28 ./Core/Src/system_stm32f1xx.o
 .debug_aranges
                0x00000288       0x20 ./Core/Src/timer.o
 .debug_aranges
                0x000002a8       0x28 ./Core/Startup/startup_stm32f103c6ux.o
 .debug_aranges
                0x000002d0       0xe0 ./Drivers/STM32F1xx_HAL_Driver/Src/stm32f1xx_hal.o
 .debug_aranges
                0x000003b0      0x100 ./Drivers/STM32F1xx_HAL_Driver/Src/stm32f1xx_hal_cortex.o
 .debug_aranges
                0x000004b0       0x58 ./Drivers/STM32F1xx_HAL_Driver/Src/stm32f1xx_hal_gpio.o
 .debug_aranges
                0x00000508       0x90 ./Drivers/STM32F1xx_HAL_Driver/Src/stm32f1xx_hal_rcc.o
 .debug_aranges
                0x00000598      0x3d0 ./Drivers/STM32F1xx_HAL_Driver/Src/stm32f1xx_hal_tim.o
 .debug_aranges
                0x00000968      0x168 ./Drivers/STM32F1xx_HAL_Driver/Src/stm32f1xx_hal_tim_ex.o

.debug_rnglists
                0x00000000      0x831
 .debug_rnglists
                0x00000000       0x1a ./Core/Src/fsm_input_processing.o
 .debug_rnglists
                0x0000001a       0x6b ./Core/Src/fsm_traffic_mode.o
 .debug_rnglists
                0x00000085       0x20 ./Core/Src/input_reading.o
 .debug_rnglists
                0x000000a5       0x28 ./Core/Src/led_7_segment.o
 .debug_rnglists
                0x000000cd       0x33 ./Core/Src/main.o
 .debug_rnglists
                0x00000100       0x3b ./Core/Src/sched.o
 .debug_rnglists
                0x0000013b       0x1f ./Core/Src/stm32f1xx_hal_msp.o
 .debug_rnglists
                0x0000015a       0x49 ./Core/Src/stm32f1xx_it.o
 .debug_rnglists
                0x000001a3       0x1a ./Core/Src/system_stm32f1xx.o
 .debug_rnglists
                0x000001bd       0x13 ./Core/Src/timer.o
 .debug_rnglists
                0x000001d0       0x19 ./Core/Startup/startup_stm32f103c6ux.o
 .debug_rnglists
                0x000001e9       0xa3 ./Drivers/STM32F1xx_HAL_Driver/Src/stm32f1xx_hal.o
 .debug_rnglists
                0x0000028c       0xbb ./Drivers/STM32F1xx_HAL_Driver/Src/stm32f1xx_hal_cortex.o
 .debug_rnglists
                0x00000347       0x3f ./Drivers/STM32F1xx_HAL_Driver/Src/stm32f1xx_hal_gpio.o
 .debug_rnglists
                0x00000386       0x6c ./Drivers/STM32F1xx_HAL_Driver/Src/stm32f1xx_hal_rcc.o
 .debug_rnglists
                0x000003f2      0x31a ./Drivers/STM32F1xx_HAL_Driver/Src/stm32f1xx_hal_tim.o
 .debug_rnglists
                0x0000070c      0x125 ./Drivers/STM32F1xx_HAL_Driver/Src/stm32f1xx_hal_tim_ex.o

.debug_macro    0x00000000    0x1719f
 .debug_macro   0x00000000      0x1d7 ./Core/Src/fsm_input_processing.o
 .debug_macro   0x000001d7      0xaa8 ./Core/Src/fsm_input_processing.o
 .debug_macro   0x00000c7f      0x215 ./Core/Src/fsm_input_processing.o
 .debug_macro   0x00000e94       0x2e ./Core/Src/fsm_input_processing.o
 .debug_macro   0x00000ec2       0x22 ./Core/Src/fsm_input_processing.o
 .debug_macro   0x00000ee4       0x22 ./Core/Src/fsm_input_processing.o
 .debug_macro   0x00000f06       0x8e ./Core/Src/fsm_input_processing.o
 .debug_macro   0x00000f94       0x51 ./Core/Src/fsm_input_processing.o
 .debug_macro   0x00000fe5      0x103 ./Core/Src/fsm_input_processing.o
 .debug_macro   0x000010e8       0x6a ./Core/Src/fsm_input_processing.o
 .debug_macro   0x00001152      0x1df ./Core/Src/fsm_input_processing.o
 .debug_macro   0x00001331       0x1c ./Core/Src/fsm_input_processing.o
 .debug_macro   0x0000134d       0x22 ./Core/Src/fsm_input_processing.o
 .debug_macro   0x0000136f       0xbd ./Core/Src/fsm_input_processing.o
 .debug_macro   0x0000142c      0xd23 ./Core/Src/fsm_input_processing.o
 .debug_macro   0x0000214f     0xde75 ./Core/Src/fsm_input_processing.o
 .debug_macro   0x0000ffc4       0x6d ./Core/Src/fsm_input_processing.o
 .debug_macro   0x00010031     0x34a2 ./Core/Src/fsm_input_processing.o
 .debug_macro   0x000134d3      0x189 ./Core/Src/fsm_input_processing.o
 .debug_macro   0x0001365c       0x5c ./Core/Src/fsm_input_processing.o
 .debug_macro   0x000136b8      0x5bc ./Core/Src/fsm_input_processing.o
 .debug_macro   0x00013c74      0x1b7 ./Core/Src/fsm_input_processing.o
 .debug_macro   0x00013e2b      0x1cb ./Core/Src/fsm_input_processing.o
 .debug_macro   0x00013ff6      0x114 ./Core/Src/fsm_input_processing.o
 .debug_macro   0x0001410a      0x1b2 ./Core/Src/fsm_input_processing.o
 .debug_macro   0x000142bc       0x27 ./Core/Src/fsm_input_processing.o
 .debug_macro   0x000142e3      0x12f ./Core/Src/fsm_input_processing.o
 .debug_macro   0x00014412      0x1bc ./Core/Src/fsm_input_processing.o
 .debug_macro   0x000145ce       0x34 ./Core/Src/fsm_input_processing.o
 .debug_macro   0x00014602       0x3c ./Core/Src/fsm_input_processing.o
 .debug_macro   0x0001463e       0x57 ./Core/Src/fsm_input_processing.o
 .debug_macro   0x00014695       0x87 ./Core/Src/fsm_input_processing.o
 .debug_macro   0x0001471c      0x183 ./Core/Src/fsm_input_processing.o
 .debug_macro   0x0001489f      0x140 ./Core/Src/fsm_input_processing.o
 .debug_macro   0x000149df      0x8ed ./Core/Src/fsm_input_processing.o
 .debug_macro   0x000152cc       0x69 ./Core/Src/fsm_input_processing.o
 .debug_macro   0x00015335      0x130 ./Core/Src/fsm_input_processing.o
 .debug_macro   0x00015465       0x52 ./Core/Src/fsm_input_processing.o
 .debug_macro   0x000154b7       0x16 ./Core/Src/fsm_input_processing.o
 .debug_macro   0x000154cd       0x16 ./Core/Src/fsm_input_processing.o
 .debug_macro   0x000154e3      0x1d6 ./Core/Src/fsm_traffic_mode.o
 .debug_macro   0x000156b9       0x58 ./Core/Src/fsm_traffic_mode.o
 .debug_macro   0x00015711      0x1b5 ./Core/Src/global.o
 .debug_macro   0x000158c6       0x4c ./Core/Src/global.o
 .debug_macro   0x00015912      0x1c8 ./Core/Src/input_reading.o
 .debug_macro   0x00015ada      0x1b9 ./Core/Src/led_7_segment.o
 .debug_macro   0x00015c93      0x204 ./Core/Src/main.o
 .debug_macro   0x00015e97       0x52 ./Core/Src/main.o
 .debug_macro   0x00015ee9       0x1c ./Core/Src/main.o
 .debug_macro   0x00015f05      0x1c8 ./Core/Src/sched.o
 .debug_macro   0x000160cd      0x1a6 ./Core/Src/stm32f1xx_hal_msp.o
 .debug_macro   0x00016273      0x1b0 ./Core/Src/stm32f1xx_it.o
 .debug_macro   0x00016423      0x197 ./Core/Src/system_stm32f1xx.o
 .debug_macro   0x000165ba      0x1b9 ./Core/Src/timer.o
 .debug_macro   0x00016773      0x1bb ./Drivers/STM32F1xx_HAL_Driver/Src/stm32f1xx_hal.o
 .debug_macro   0x0001692e      0x197 ./Drivers/STM32F1xx_HAL_Driver/Src/stm32f1xx_hal_cortex.o
 .debug_macro   0x00016ac5      0x202 ./Drivers/STM32F1xx_HAL_Driver/Src/stm32f1xx_hal_gpio.o
 .debug_macro   0x00016cc7      0x1a9 ./Drivers/STM32F1xx_HAL_Driver/Src/stm32f1xx_hal_rcc.o
 .debug_macro   0x00016e70      0x198 ./Drivers/STM32F1xx_HAL_Driver/Src/stm32f1xx_hal_tim.o
 .debug_macro   0x00017008      0x197 ./Drivers/STM32F1xx_HAL_Driver/Src/stm32f1xx_hal_tim_ex.o

.debug_line     0x00000000     0xd353
 .debug_line    0x00000000      0x7ba ./Core/Src/fsm_input_processing.o
 .debug_line    0x000007ba      0xc00 ./Core/Src/fsm_traffic_mode.o
 .debug_line    0x000013ba      0x6d5 ./Core/Src/global.o
 .debug_line    0x00001a8f      0x7b6 ./Core/Src/input_reading.o
 .debug_line    0x00002245      0x82f ./Core/Src/led_7_segment.o
 .debug_line    0x00002a74      0x894 ./Core/Src/main.o
 .debug_line    0x00003308      0x872 ./Core/Src/sched.o
 .debug_line    0x00003b7a      0x729 ./Core/Src/stm32f1xx_hal_msp.o
 .debug_line    0x000042a3      0x7c7 ./Core/Src/stm32f1xx_it.o
 .debug_line    0x00004a6a      0x76b ./Core/Src/system_stm32f1xx.o
 .debug_line    0x000051d5      0x702 ./Core/Src/timer.o
 .debug_line    0x000058d7       0x78 ./Core/Startup/startup_stm32f103c6ux.o
 .debug_line    0x0000594f      0x998 ./Drivers/STM32F1xx_HAL_Driver/Src/stm32f1xx_hal.o
 .debug_line    0x000062e7      0xb84 ./Drivers/STM32F1xx_HAL_Driver/Src/stm32f1xx_hal_cortex.o
 .debug_line    0x00006e6b      0xa1c ./Drivers/STM32F1xx_HAL_Driver/Src/stm32f1xx_hal_gpio.o
 .debug_line    0x00007887      0xda1 ./Drivers/STM32F1xx_HAL_Driver/Src/stm32f1xx_hal_rcc.o
 .debug_line    0x00008628     0x3474 ./Drivers/STM32F1xx_HAL_Driver/Src/stm32f1xx_hal_tim.o
 .debug_line    0x0000ba9c     0x18b7 ./Drivers/STM32F1xx_HAL_Driver/Src/stm32f1xx_hal_tim_ex.o

.debug_str      0x00000000    0x829b1
 .debug_str     0x00000000    0x7fa90 ./Core/Src/fsm_input_processing.o
                              0x7fdd4 (size before relaxing)
 .debug_str     0x0007fa90      0x364 ./Core/Src/fsm_traffic_mode.o
                              0x80034 (size before relaxing)
 .debug_str     0x0007fdf4       0x15 ./Core/Src/global.o
                              0x7fc70 (size before relaxing)
 .debug_str     0x0007fe09       0x86 ./Core/Src/input_reading.o
                              0x7fda8 (size before relaxing)
 .debug_str     0x0007fe8f       0x5f ./Core/Src/led_7_segment.o
                              0x7fd25 (size before relaxing)
 .debug_str     0x0007feee      0x7dc ./Core/Src/main.o
                              0x80824 (size before relaxing)
 .debug_str     0x000806ca       0xa9 ./Core/Src/sched.o
                              0x7feaf (size before relaxing)
 .debug_str     0x00080773      0x300 ./Core/Src/stm32f1xx_hal_msp.o
                              0x803a4 (size before relaxing)
 .debug_str     0x00080a73       0xec ./Core/Src/stm32f1xx_it.o
                              0x800df (size before relaxing)
 .debug_str     0x00080b5f       0x7e ./Core/Src/system_stm32f1xx.o
                              0x7f736 (size before relaxing)
 .debug_str     0x00080bdd       0x14 ./Core/Src/timer.o
                              0x7fc68 (size before relaxing)
 .debug_str     0x00080bf1       0x44 ./Core/Startup/startup_stm32f103c6ux.o
                                 0x72 (size before relaxing)
 .debug_str     0x00080c35      0x38e ./Drivers/STM32F1xx_HAL_Driver/Src/stm32f1xx_hal.o
                              0x7fe2f (size before relaxing)
 .debug_str     0x00080fc3      0x294 ./Drivers/STM32F1xx_HAL_Driver/Src/stm32f1xx_hal_cortex.o
                              0x7fd7b (size before relaxing)
 .debug_str     0x00081257      0x2d2 ./Drivers/STM32F1xx_HAL_Driver/Src/stm32f1xx_hal_gpio.o
                              0x7fabc (size before relaxing)
 .debug_str     0x00081529      0x215 ./Drivers/STM32F1xx_HAL_Driver/Src/stm32f1xx_hal_rcc.o
                              0x7fb65 (size before relaxing)
 .debug_str     0x0008173e      0xde0 ./Drivers/STM32F1xx_HAL_Driver/Src/stm32f1xx_hal_tim.o
                              0x80b67 (size before relaxing)
 .debug_str     0x0008251e      0x493 ./Drivers/STM32F1xx_HAL_Driver/Src/stm32f1xx_hal_tim_ex.o
                              0x80373 (size before relaxing)

.comment        0x00000000       0x43
 .comment       0x00000000       0x43 ./Core/Src/fsm_input_processing.o
                                 0x44 (size before relaxing)
 .comment       0x00000043       0x44 ./Core/Src/fsm_traffic_mode.o
 .comment       0x00000043       0x44 ./Core/Src/global.o
 .comment       0x00000043       0x44 ./Core/Src/input_reading.o
 .comment       0x00000043       0x44 ./Core/Src/led_7_segment.o
 .comment       0x00000043       0x44 ./Core/Src/main.o
 .comment       0x00000043       0x44 ./Core/Src/sched.o
 .comment       0x00000043       0x44 ./Core/Src/stm32f1xx_hal_msp.o
 .comment       0x00000043       0x44 ./Core/Src/stm32f1xx_it.o
 .comment       0x00000043       0x44 ./Core/Src/system_stm32f1xx.o
 .comment       0x00000043       0x44 ./Core/Src/timer.o
 .comment       0x00000043       0x44 ./Drivers/STM32F1xx_HAL_Driver/Src/stm32f1xx_hal.o
 .comment       0x00000043       0x44 ./Drivers/STM32F1xx_HAL_Driver/Src/stm32f1xx_hal_cortex.o
 .comment       0x00000043       0x44 ./Drivers/STM32F1xx_HAL_Driver/Src/stm32f1xx_hal_gpio.o
 .comment       0x00000043       0x44 ./Drivers/STM32F1xx_HAL_Driver/Src/stm32f1xx_hal_rcc.o
 .comment       0x00000043       0x44 ./Drivers/STM32F1xx_HAL_Driver/Src/stm32f1xx_hal_tim.o
 .comment       0x00000043       0x44 ./Drivers/STM32F1xx_HAL_Driver/Src/stm32f1xx_hal_tim_ex.o

.debug_frame    0x00000000     0x2a38
 .debug_frame   0x00000000       0x5c ./Core/Src/fsm_input_processing.o
 .debug_frame   0x0000005c      0x1ac ./Core/Src/fsm_traffic_mode.o
 .debug_frame   0x00000208       0x84 ./Core/Src/input_reading.o
 .debug_frame   0x0000028c       0xa0 ./Core/Src/led_7_segment.o
 .debug_frame   0x0000032c       0xd4 ./Core/Src/main.o
 .debug_frame   0x00000400      0x110 ./Core/Src/sched.o
 .debug_frame   0x00000510       0x80 ./Core/Src/stm32f1xx_hal_msp.o
 .debug_frame   0x00000590      0x120 ./Core/Src/stm32f1xx_it.o
 .debug_frame   0x000006b0       0x58 ./Core/Src/system_stm32f1xx.o
 .debug_frame   0x00000708       0x38 ./Core/Src/timer.o
 .debug_frame   0x00000740      0x334 ./Drivers/STM32F1xx_HAL_Driver/Src/stm32f1xx_hal.o
 .debug_frame   0x00000a74      0x428 ./Drivers/STM32F1xx_HAL_Driver/Src/stm32f1xx_hal_cortex.o
 .debug_frame   0x00000e9c      0x14c ./Drivers/STM32F1xx_HAL_Driver/Src/stm32f1xx_hal_gpio.o
 .debug_frame   0x00000fe8      0x218 ./Drivers/STM32F1xx_HAL_Driver/Src/stm32f1xx_hal_rcc.o
 .debug_frame   0x00001200     0x11b4 ./Drivers/STM32F1xx_HAL_Driver/Src/stm32f1xx_hal_tim.o
 .debug_frame   0x000023b4      0x638 ./Drivers/STM32F1xx_HAL_Driver/Src/stm32f1xx_hal_tim_ex.o
 .debug_frame   0x000029ec       0x20 E:/ST/STM32CubeIDE_1.15.1/STM32CubeIDE/plugins/com.st.stm32cube.ide.mcu.externaltools.gnu-tools-for-stm32.12.3.rel1.win32_1.0.200.202406191623/tools/bin/../lib/gcc/arm-none-eabi/12.3.1/../../../../arm-none-eabi/lib/thumb/v7-m/nofp\libc_nano.a(libc_a-memset.o)
 .debug_frame   0x00002a0c       0x2c E:/ST/STM32CubeIDE_1.15.1/STM32CubeIDE/plugins/com.st.stm32cube.ide.mcu.externaltools.gnu-tools-for-stm32.12.3.rel1.win32_1.0.200.202406191623/tools/bin/../lib/gcc/arm-none-eabi/12.3.1/../../../../arm-none-eabi/lib/thumb/v7-m/nofp\libc_nano.a(libc_a-init.o)

.debug_line_str
                0x00000000       0x56
 .debug_line_str
                0x00000000       0x56 ./Core/Startup/startup_stm32f103c6ux.o
